
BLDEA-CSE@bldea1 MINGW64 ~ (master)
$ cd 23cs037

BLDEA-CSE@bldea1 MINGW64 ~/23cs037 (master)
$ git remote add origin
bhavani2405/Projectwork (github.com)
usage: git remote add [<options>] <name> <url>

    -f, --[no-]fetch      fetch the remote branches
    --[no-]tags           import all tags and associated objects when fetching
                          or do not fetch any tag at all (--no-tags)
    -t, --[no-]track <branch>
                          branch(es) to track
    -m, --[no-]master <branch>
                          master branch
    --[no-]mirror[=(push|fetch)]
                          set up remote as a mirror to push to or fetch from

bash: syntax error near unexpected token `github.com'

BLDEA-CSE@bldea1 MINGW64 ~/23cs037 (master)
$ git remote add https://bhavani2405/Projectwork (github.com)
bash: syntax error near unexpected token `('

BLDEA-CSE@bldea1 MINGW64 ~/23cs037 (master)
$ git remote remove origin

BLDEA-CSE@bldea1 MINGW64 ~/23cs037 (master)
$ git remote add origin https://github.com/bhavani2405/Projectwork

BLDEA-CSE@bldea1 MINGW64 ~/23cs037 (master)
$ nano demo1.txt

BLDEA-CSE@bldea1 MINGW64 ~/23cs037 (master)
$ git commit -m " to Project"
[master c453e40]  to Project
 1 file changed, 1 insertion(+)
 create mode 100644 demo.txt

BLDEA-CSE@bldea1 MINGW64 ~/23cs037 (master)
$ git push origin master
remote: Permission to bhavani2405/Projectwork.git denied to MukhyapranaGB.
fatal: unable to access 'https://github.com/bhavani2405/Projectwork/': The requested URL returned error: 403

BLDEA-CSE@bldea1 MINGW64 ~/23cs037 (master)
$ git push origin master
remote: Permission to bhavani2405/Projectwork.git denied to NearestStar.
fatal: unable to access 'https://github.com/bhavani2405/Projectwork/': The requested URL returned error: 403

BLDEA-CSE@bldea1 MINGW64 ~/23cs037 (master)
$ git push origin master
remote: Permission to bhavani2405/Projectwork.git denied to NearestStar.
fatal: unable to access 'https://github.com/bhavani2405/Projectwork/': The requested URL returned error: 403

BLDEA-CSE@bldea1 MINGW64 ~/23cs037 (master)
$ git push origin master
To https://github.com/bhavani2405/Projectwork
 ! [rejected]        master -> master (fetch first)
error: failed to push some refs to 'https://github.com/bhavani2405/Projectwork'
hint: Updates were rejected because the remote contains work that you do not
hint: have locally. This is usually caused by another repository pushing to
hint: the same ref. If you want to integrate the remote changes, use
hint: 'git pull' before pushing again.
hint: See the 'Note about fast-forwards' in 'git push --help' for details.

BLDEA-CSE@bldea1 MINGW64 ~/23cs037 (master)
$ git pull origin master
remote: Enumerating objects: 12, done.
remote: Counting objects: 100% (12/12), done.
remote: Compressing objects: 100% (6/6), done.
remote: Total 12 (delta 1), reused 12 (delta 1), pack-reused 0 (from 0)
Unpacking objects: 100% (12/12), 996 bytes | 2.00 KiB/s, done.
From https://github.com/bhavani2405/Projectwork
 * branch            master     -> FETCH_HEAD
 * [new branch]      master     -> origin/master
fatal: refusing to merge unrelated histories

BLDEA-CSE@bldea1 MINGW64 ~/23cs037 (master)
$ git push origin master
To https://github.com/bhavani2405/Projectwork
 ! [rejected]        master -> master (non-fast-forward)
error: failed to push some refs to 'https://github.com/bhavani2405/Projectwork'
hint: Updates were rejected because the tip of your current branch is behind
hint: its remote counterpart. If you want to integrate the remote changes,
hint: use 'git pull' before pushing again.
hint: See the 'Note about fast-forwards' in 'git push --help' for details.

BLDEA-CSE@bldea1 MINGW64 ~/23cs037 (master)
$ ^C

BLDEA-CSE@bldea1 MINGW64 ~/23cs037 (master)
$ git push origin master --allow-unrelated-histories
error: unknown option `allow-unrelated-histories'
usage: git push [<options>] [<repository> [<refspec>...]]

    -v, --[no-]verbose    be more verbose
    -q, --[no-]quiet      be more quiet
    --[no-]repo <repository>
                          repository
    --[no-]all            push all branches
    --[no-]branches       alias of --all
    --[no-]mirror         mirror all refs
    -d, --[no-]delete     delete refs
    --[no-]tags           push tags (can't be used with --all or --branches or --mirror)
    -n, --[no-]dry-run    dry run
    --[no-]porcelain      machine-readable output
    -f, --[no-]force      force updates
    --[no-]force-with-lease[=<refname>:<expect>]
                          require old value of ref to be at this value
    --[no-]force-if-includes
                          require remote updates to be integrated locally
    --[no-]recurse-submodules (check|on-demand|no)
                          control recursive pushing of submodules
    --[no-]thin           use thin pack
    --[no-]receive-pack <receive-pack>
                          receive pack program
    --[no-]exec <receive-pack>
                          receive pack program
    -u, --[no-]set-upstream
                          set upstream for git pull/status
    --[no-]progress       force progress reporting
    --[no-]prune          prune locally removed refs
    --no-verify           bypass pre-push hook
    --verify              opposite of --no-verify
    --[no-]follow-tags    push missing but relevant tags
    --[no-]signed[=(yes|no|if-asked)]
                          GPG sign the push
    --[no-]atomic         request atomic transaction on remote side
    -o, --[no-]push-option <server-specific>
                          option to transmit
    -4, --ipv4            use IPv4 addresses only
    -6, --ipv6            use IPv6 addresses only


BLDEA-CSE@bldea1 MINGW64 ~/23cs037 (master)
$ git pull origin master --allow-unrelated-histories
From https://github.com/bhavani2405/Projectwork
 * branch            master     -> FETCH_HEAD
Merge made by the 'ort' strategy.
 f.txt       | 1 +
 file24.txt  | 2 ++
 hyundai.txt | 2 ++
 tata.txt    | 2 ++
 4 files changed, 7 insertions(+)
 create mode 100644 f.txt
 create mode 100644 file24.txt
 create mode 100644 hyundai.txt
 create mode 100644 tata.txt

BLDEA-CSE@bldea1 MINGW64 ~/23cs037 (master)
$ git push origin master
Enumerating objects: 16, done.
Counting objects: 100% (16/16), done.
Delta compression using up to 20 threads
Compressing objects: 100% (11/11), done.
Writing objects: 100% (15/15), 2.43 KiB | 1.21 MiB/s, done.
Total 15 (delta 3), reused 0 (delta 0), pack-reused 0
remote: Resolving deltas: 100% (3/3), done.
To https://github.com/bhavani2405/Projectwork
   668c362..82cb2e0  master -> master

BLDEA-CSE@bldea1 MINGW64 ~/23cs037 (master)
$
